lib/prisma.ts(14,66): error TS2345: Argument of type '{ log: string[]; }' is not assignable to parameter of type 'Subset<PrismaClientOptions, PrismaClientOptions>'.
  Types of property 'log' are incompatible.
    Type 'string[]' is not assignable to type '(LogLevel | LogDefinition)[]'.
      Type 'string' is not assignable to type 'LogLevel | LogDefinition'.
